[INFO] Scanning for projects...
[INFO] 
[INFO] ------------------------------------------------------------------------
[INFO] Building  0.0.1-SNAPSHOT
[INFO] ------------------------------------------------------------------------
[INFO] 
[INFO] --- maven-clean-plugin:3.1.0:clean (default-clean) @ CakeShop ---
[INFO] Deleting C:\1\CakeShop\target
[INFO] 
[INFO] --- maven-resources-plugin:3.1.0:resources (default-resources) @ CakeShop ---
[INFO] Using 'UTF-8' encoding to copy filtered resources.
[INFO] Copying 1 resource
[INFO] Copying 95 resources
[INFO] 
[INFO] --- maven-compiler-plugin:3.8.1:compile (default-compile) @ CakeShop ---
[INFO] Changes detected - recompiling the module!
[INFO] Compiling 47 source files to C:\1\CakeShop\target\classes
[INFO] 
[INFO] --- maven-resources-plugin:3.1.0:testResources (default-testResources) @ CakeShop ---
[INFO] Using 'UTF-8' encoding to copy filtered resources.
[INFO] skip non existing resourceDirectory C:\1\CakeShop\src\test\resources
[INFO] 
[INFO] --- maven-compiler-plugin:3.8.1:testCompile (default-testCompile) @ CakeShop ---
[INFO] Changes detected - recompiling the module!
[INFO] Compiling 7 source files to C:\1\CakeShop\target\test-classes
[INFO] /C:/1/CakeShop/src/test/java/com/fr/service/GoodsServiceTest.java: 某些输入文件使用了未经检查或不安全的操作。
[INFO] /C:/1/CakeShop/src/test/java/com/fr/service/GoodsServiceTest.java: 有关详细信息, 请使用 -Xlint:unchecked 重新编译。
[INFO] 
[INFO] --- maven-surefire-plugin:2.22.2:test (default-test) @ CakeShop ---
[INFO] 
[INFO] -------------------------------------------------------
[INFO]  T E S T S
[INFO] -------------------------------------------------------
[INFO] Running com.fr.controller.UserControllerTest
09:26:39.117 [main] DEBUG org.springframework.test.context.BootstrapUtils - Instantiating CacheAwareContextLoaderDelegate from class [org.springframework.test.context.cache.DefaultCacheAwareContextLoaderDelegate]
09:26:39.138 [main] DEBUG org.springframework.test.context.BootstrapUtils - Instantiating BootstrapContext using constructor [public org.springframework.test.context.support.DefaultBootstrapContext(java.lang.Class,org.springframework.test.context.CacheAwareContextLoaderDelegate)]
09:26:39.190 [main] DEBUG org.springframework.test.context.BootstrapUtils - Instantiating TestContextBootstrapper for test class [com.fr.controller.UserControllerTest] from class [org.springframework.boot.test.context.SpringBootTestContextBootstrapper]
09:26:39.216 [main] INFO org.springframework.boot.test.context.SpringBootTestContextBootstrapper - Neither @ContextConfiguration nor @ContextHierarchy found for test class [com.fr.controller.UserControllerTest], using SpringBootContextLoader
09:26:39.224 [main] DEBUG org.springframework.test.context.support.AbstractContextLoader - Did not detect default resource location for test class [com.fr.controller.UserControllerTest]: class path resource [com/fr/controller/UserControllerTest-context.xml] does not exist
09:26:39.225 [main] DEBUG org.springframework.test.context.support.AbstractContextLoader - Did not detect default resource location for test class [com.fr.controller.UserControllerTest]: class path resource [com/fr/controller/UserControllerTestContext.groovy] does not exist
09:26:39.225 [main] INFO org.springframework.test.context.support.AbstractContextLoader - Could not detect default resource locations for test class [com.fr.controller.UserControllerTest]: no resource found for suffixes {-context.xml, Context.groovy}.
09:26:39.226 [main] INFO org.springframework.test.context.support.AnnotationConfigContextLoaderUtils - Could not detect default configuration classes for test class [com.fr.controller.UserControllerTest]: UserControllerTest does not declare any static, non-private, non-final, nested classes annotated with @Configuration.
09:26:39.316 [main] DEBUG org.springframework.test.context.support.ActiveProfilesUtils - Could not find an 'annotation declaring class' for annotation type [org.springframework.test.context.ActiveProfiles] and class [com.fr.controller.UserControllerTest]
09:26:39.458 [main] DEBUG org.springframework.context.annotation.ClassPathScanningCandidateComponentProvider - Identified candidate component class: file [C:\1\CakeShop\target\classes\com\fr\CakeShopApplication.class]
09:26:39.460 [main] INFO org.springframework.boot.test.context.SpringBootTestContextBootstrapper - Found @SpringBootConfiguration com.fr.CakeShopApplication for test class com.fr.controller.UserControllerTest
09:26:39.620 [main] DEBUG org.springframework.boot.test.context.SpringBootTestContextBootstrapper - @TestExecutionListeners is not present for class [com.fr.controller.UserControllerTest]: using defaults.
09:26:39.624 [main] INFO org.springframework.boot.test.context.SpringBootTestContextBootstrapper - Loaded default TestExecutionListener class names from location [META-INF/spring.factories]: [org.springframework.boot.test.mock.mockito.MockitoTestExecutionListener, org.springframework.boot.test.mock.mockito.ResetMocksTestExecutionListener, org.springframework.boot.test.autoconfigure.restdocs.RestDocsTestExecutionListener, org.springframework.boot.test.autoconfigure.web.client.MockRestServiceServerResetTestExecutionListener, org.springframework.boot.test.autoconfigure.web.servlet.MockMvcPrintOnlyOnFailureTestExecutionListener, org.springframework.boot.test.autoconfigure.web.servlet.WebDriverTestExecutionListener, org.springframework.test.context.web.ServletTestExecutionListener, org.springframework.test.context.support.DirtiesContextBeforeModesTestExecutionListener, org.springframework.test.context.support.DependencyInjectionTestExecutionListener, org.springframework.test.context.support.DirtiesContextTestExecutionListener, org.springframework.test.context.transaction.TransactionalTestExecutionListener, org.springframework.test.context.jdbc.SqlScriptsTestExecutionListener, org.springframework.test.context.event.EventPublishingTestExecutionListener]
09:26:39.656 [main] INFO org.springframework.boot.test.context.SpringBootTestContextBootstrapper - Using TestExecutionListeners: [org.springframework.test.context.web.ServletTestExecutionListener@1c481ff2, org.springframework.test.context.support.DirtiesContextBeforeModesTestExecutionListener@72437d8d, org.springframework.boot.test.mock.mockito.MockitoTestExecutionListener@1b955cac, org.springframework.boot.test.autoconfigure.SpringBootDependencyInjectionTestExecutionListener@676cf48, org.springframework.test.context.support.DirtiesContextTestExecutionListener@5a1de7fb, org.springframework.test.context.transaction.TransactionalTestExecutionListener@335b5620, org.springframework.test.context.jdbc.SqlScriptsTestExecutionListener@29a0cdb, org.springframework.test.context.event.EventPublishingTestExecutionListener@32a68f4f, org.springframework.boot.test.mock.mockito.ResetMocksTestExecutionListener@73194df, org.springframework.boot.test.autoconfigure.restdocs.RestDocsTestExecutionListener@6eb2384f, org.springframework.boot.test.autoconfigure.web.client.MockRestServiceServerResetTestExecutionListener@3c9c0d96, org.springframework.boot.test.autoconfigure.web.servlet.MockMvcPrintOnlyOnFailureTestExecutionListener@3a4621bd, org.springframework.boot.test.autoconfigure.web.servlet.WebDriverTestExecutionListener@31dadd46]
09:26:39.663 [main] DEBUG org.springframework.test.context.support.AbstractDirtiesContextTestExecutionListener - Before test class: context [DefaultTestContext@5443d039 testClass = UserControllerTest, testInstance = [null], testMethod = [null], testException = [null], mergedContextConfiguration = [WebMergedContextConfiguration@63787180 testClass = UserControllerTest, locations = '{}', classes = '{class com.fr.CakeShopApplication}', contextInitializerClasses = '[]', activeProfiles = '{}', propertySourceLocations = '{}', propertySourceProperties = '{org.springframework.boot.test.context.SpringBootTestContextBootstrapper=true}', contextCustomizers = set[[ImportsContextCustomizer@7d1cfb8b key = [org.springframework.boot.test.autoconfigure.web.servlet.MockMvcAutoConfiguration, org.springframework.boot.test.autoconfigure.web.servlet.MockMvcWebClientAutoConfiguration, org.springframework.boot.test.autoconfigure.web.servlet.MockMvcWebDriverAutoConfiguration, org.springframework.boot.autoconfigure.security.servlet.SecurityAutoConfiguration, org.springframework.boot.autoconfigure.security.servlet.UserDetailsServiceAutoConfiguration, org.springframework.boot.test.autoconfigure.web.servlet.MockMvcSecurityConfiguration]], org.springframework.boot.test.context.filter.ExcludeFilterContextCustomizer@f78a47e, org.springframework.boot.test.json.DuplicateJsonObjectContextCustomizerFactory$DuplicateJsonObjectContextCustomizer@1ed4ae0f, org.springframework.boot.test.mock.mockito.MockitoContextCustomizer@0, org.springframework.boot.test.web.client.TestRestTemplateContextCustomizer@27406a17, org.springframework.boot.test.autoconfigure.properties.PropertyMappingContextCustomizer@4b3fa0b3, org.springframework.boot.test.autoconfigure.web.servlet.WebDriverContextCustomizerFactory$Customizer@742ff096], resourceBasePath = 'src/main/webapp', contextLoader = 'org.springframework.boot.test.context.SpringBootContextLoader', parent = [null]], attributes = map['org.springframework.test.context.web.ServletTestExecutionListener.activateListener' -> true]], class annotated with @DirtiesContext [false] with mode [null].
09:26:39.718 [main] DEBUG org.springframework.test.context.support.TestPropertySourceUtils - Adding inlined properties to environment: {spring.jmx.enabled=false, org.springframework.boot.test.context.SpringBootTestContextBootstrapper=true, server.port=-1}

  .   ____          _            __ _ _
 /\\ / ___'_ __ _ _(_)_ __  __ _ \ \ \ \
( ( )\___ | '_ | '_| | '_ \/ _` | \ \ \ \
 \\/  ___)| |_)| | | | | || (_| |  ) ) ) )
  '  |____| .__|_| |_|_| |_\__, | / / / /
 =========|_|==============|___/=/_/_/_/
 :: Spring Boot ::        (v2.2.6.RELEASE)

2026-06-24 09:26:40.682  INFO 10412 --- [           main] com.fr.controller.UserControllerTest     : Starting UserControllerTest on AEOXGB with PID 10412 (started by 23744 in C:\1\CakeShop)
2026-06-24 09:26:40.688  INFO 10412 --- [           main] com.fr.controller.UserControllerTest     : No active profile set, falling back to default profiles: default
org.apache.ibatis.session.defaults.DefaultSqlSessionFactory@4fc165f6
 _ _   |_  _ _|_. ___ _ |    _ 
| | |\/|_)(_| | |_\  |_)||_|_\ 
     /               |         
                        3.5.0 
2026-06-24 09:26:44.550  WARN 10412 --- [           main] c.b.m.core.metadata.TableInfoHelper      : This primary key of "id" is primitive !不建议如此请使用包装类 in Class: "com.fr.javaBean.Goods"
2026-06-24 09:26:44.613  WARN 10412 --- [           main] c.b.m.core.metadata.TableInfoHelper      : This primary key of "id" is primitive !不建议如此请使用包装类 in Class: "com.fr.javaBean.Type"
2026-06-24 09:26:44.668  WARN 10412 --- [           main] c.b.m.core.metadata.TableInfoHelper      : This primary key of "id" is primitive !不建议如此请使用包装类 in Class: "com.fr.javaBean.OrderItem"
2026-06-24 09:26:44.719  WARN 10412 --- [           main] c.b.m.core.metadata.TableInfoHelper      : This primary key of "id" is primitive !不建议如此请使用包装类 in Class: "com.fr.javaBean.Order"
2026-06-24 09:26:44.766  WARN 10412 --- [           main] c.b.m.core.metadata.TableInfoHelper      : This primary key of "id" is primitive !不建议如此请使用包装类 in Class: "com.fr.javaBean.User"
2026-06-24 09:26:44.818  WARN 10412 --- [           main] c.b.m.core.metadata.TableInfoHelper      : This primary key of "id" is primitive !不建议如此请使用包装类 in Class: "com.fr.javaBean.Rider"
2026-06-24 09:26:44.974  WARN 10412 --- [           main] c.b.m.core.metadata.TableInfoHelper      : This primary key of "id" is primitive !不建议如此请使用包装类 in Class: "com.fr.javaBean.Cart"
2026-06-24 09:26:45.816  INFO 10412 --- [           main] o.s.s.concurrent.ThreadPoolTaskExecutor  : Initializing ExecutorService 'applicationTaskExecutor'
2026-06-24 09:26:45.987  INFO 10412 --- [           main] o.s.b.a.w.s.WelcomePageHandlerMapping    : Adding welcome page template: index
2026-06-24 09:26:46.723  INFO 10412 --- [           main] o.s.b.t.m.w.SpringBootMockServletContext : Initializing Spring TestDispatcherServlet ''
2026-06-24 09:26:46.723  INFO 10412 --- [           main] o.s.t.web.servlet.TestDispatcherServlet  : Initializing Servlet ''
2026-06-24 09:26:46.739  INFO 10412 --- [           main] o.s.b.a.e.web.EndpointLinksResolver      : Exposing 2 endpoint(s) beneath base path '/actuator'
2026-06-24 09:26:46.785  INFO 10412 --- [           main] o.s.t.web.servlet.TestDispatcherServlet  : Completed initialization in 62 ms
2026-06-24 09:26:46.840  INFO 10412 --- [           main] com.fr.controller.UserControllerTest     : Started UserControllerTest in 7.107 seconds (JVM running for 9.078)
拦截
拦截
拦截
请求之后
整个请求结束之后
拦截
[INFO] Tests run: 6, Failures: 0, Errors: 0, Skipped: 0, Time elapsed: 8.805 s - in com.fr.controller.UserControllerTest
[INFO] Running com.fr.service.GoodsServiceTest
[INFO] Tests run: 5, Failures: 0, Errors: 0, Skipped: 0, Time elapsed: 0.426 s - in com.fr.service.GoodsServiceTest
[INFO] Running com.fr.service.OrderServiceTest
[INFO] Tests run: 2, Failures: 0, Errors: 0, Skipped: 0, Time elapsed: 0.051 s - in com.fr.service.OrderServiceTest
[INFO] Running com.fr.service.RiderServiceTest
尝试骑手登录: phone=13800138000, password=password123
找到骑手: id=1, name=Test Rider, status=0
密码不匹配或状态未审核: passwordMatch=true, status=0
尝试骑手登录: phone=13800138000, password=wrongpassword
找到骑手: id=1, name=Test Rider, status=1
密码不匹配或状态未审核: passwordMatch=false, status=1
尝试骑手登录: phone=13800138000, password=password123
找到骑手: id=1, name=Test Rider, status=1
骑手登录成功
尝试骑手登录: phone=13800138000, password=password123
未找到骑手
[INFO] Tests run: 11, Failures: 0, Errors: 0, Skipped: 0, Time elapsed: 0.074 s - in com.fr.service.RiderServiceTest
[INFO] Running com.fr.service.UserServiceTest
[INFO] Tests run: 3, Failures: 0, Errors: 0, Skipped: 0, Time elapsed: 0.038 s - in com.fr.service.UserServiceTest
2026-06-24 09:26:48.490  INFO 10412 --- [extShutdownHook] o.s.s.concurrent.ThreadPoolTaskExecutor  : Shutting down ExecutorService 'applicationTaskExecutor'
[INFO] 
[INFO] Results:
[INFO] 
[INFO] Tests run: 27, Failures: 0, Errors: 0, Skipped: 0
[INFO] 
[INFO] ------------------------------------------------------------------------
[INFO] BUILD SUCCESS
[INFO] ------------------------------------------------------------------------
[INFO] Total time: 34.203 s
[INFO] Finished at: 2026-06-24T09:26:49+08:00
[INFO] Final Memory: 38M/134M
[INFO] ------------------------------------------------------------------------
